\BOOKMARK [1][-]{section.1}{\376\377\000I\000n\000t\000r\000o\000d\000u\000\347\000\343\000o}{}% 1
\BOOKMARK [1][-]{section.2}{\376\377\000M\000o\000d\000e\000l\000o\000s\000\040\000d\000e\000\040\000G\000e\000r\000e\000n\000c\000i\000a\000m\000e\000n\000t\000o\000\040\000d\000e\000\040\000P\000r\000o\000j\000e\000t\000o\000s\000\040\000d\000e\000\040\000T\000I}{}% 2
\BOOKMARK [2][-]{subsection.2.1}{\376\377\000C\000l\000i\000c\000k\000U\000p}{section.2}% 3
\BOOKMARK [2][-]{subsection.2.2}{\376\377\000J\000i\000r\000a}{section.2}% 4
\BOOKMARK [2][-]{subsection.2.3}{\376\377\000T\000r\000e\000l\000l\000o}{section.2}% 5
\BOOKMARK [1][-]{section.3}{\376\377\000P\000r\000o\000b\000l\000e\000m\000a\000s\000\040\000d\000e\000\040\000C\000o\000m\000u\000n\000i\000c\000a\000\347\000\343\000o\000\040\000e\000m\000\040\000P\000r\000o\000j\000e\000t\000o\000s}{}% 6
\BOOKMARK [1][-]{section.4}{\376\377\000E\000s\000t\000r\000a\000t\000\351\000g\000i\000a\000s\000\040\000d\000e\000\040\000C\000o\000m\000u\000n\000i\000c\000a\000\347\000\343\000o\000\040\000c\000o\000m\000\040\000C\000l\000i\000c\000k\000U\000p\000,\000\040\000J\000i\000r\000a\000\040\000e\000\040\000T\000r\000e\000l\000l\000o}{}% 7
\BOOKMARK [1][-]{section.5}{\376\377\000C\000o\000m\000p\000a\000r\000a\000\347\000\343\000o\000\040\000d\000a\000s\000\040\000E\000s\000t\000r\000a\000t\000\351\000g\000i\000a\000s\000\040\000d\000e\000\040\000C\000o\000m\000u\000n\000i\000c\000a\000\347\000\343\000o}{}% 8
\BOOKMARK [1][-]{section.6}{\376\377\000E\000s\000t\000u\000d\000o\000\040\000d\000o\000\040\000C\000l\000i\000c\000k\000U\000p\000:\000:\000\040\000R\000e\000c\000u\000r\000s\000o\000s\000,\000\040\000B\000e\000n\000e\000f\000\355\000c\000i\000o\000s\000\040\000e\000\040\000D\000e\000s\000a\000f\000i\000o\000s}{}% 9
\BOOKMARK [2][-]{subsection.6.1}{\376\377\000F\000e\000r\000r\000a\000m\000e\000n\000t\000a\000s\000\040\000e\000\040\000F\000u\000n\000c\000i\000o\000n\000a\000l\000i\000d\000a\000d\000e\000s}{section.6}% 10
\BOOKMARK [2][-]{subsection.6.2}{\376\377\000C\000o\000n\000s\000i\000d\000e\000r\000a\000\347\000\365\000e\000s\000\040\000F\000i\000n\000a\000i\000s\000\040\000s\000o\000b\000r\000e\000\040\000o\000\040\000C\000l\000i\000c\000k\000U\000p}{section.6}% 11
\BOOKMARK [1][-]{section.7}{\376\377\000A\000n\000\341\000l\000i\000s\000e\000\040\000D\000e\000t\000a\000l\000h\000a\000d\000a\000\040\000d\000o\000\040\000T\000r\000e\000l\000l\000o\000\040\000-\000\040\000F\000u\000n\000c\000i\000o\000n\000a\000m\000e\000n\000t\000o\000,\000\040\000V\000a\000n\000t\000a\000g\000e\000n\000s\000\040\000e\000\040\000L\000i\000m\000i\000t\000a\000\347\000\365\000e\000s}{}% 12
\BOOKMARK [2][-]{subsection.7.1}{\376\377\000M\000o\000d\000e\000l\000o\000s\000\040\000V\000i\000s\000u\000a\000i\000s\000\040\000d\000o\000\040\000T\000r\000e\000l\000l\000o\000\040\000n\000o\000\040\000M\000\351\000t\000o\000d\000o\000\040\000K\000a\000n\000b\000a\000n}{section.7}% 13
\BOOKMARK [1][-]{section.8}{\376\377\000A\000p\000r\000o\000f\000u\000n\000d\000a\000m\000e\000n\000t\000o\000\040\000d\000o\000\040\000J\000i\000r\000a}{}% 14
\BOOKMARK [2][-]{subsection.8.1}{\376\377\000F\000u\000n\000c\000i\000o\000n\000a\000l\000i\000d\000a\000d\000e\000s\000\040\000d\000o\000\040\000J\000i\000r\000a}{section.8}% 15
\BOOKMARK [2][-]{subsection.8.2}{\376\377\000D\000e\000s\000a\000f\000i\000o\000s\000\040\000d\000e\000\040\000C\000o\000m\000u\000n\000i\000c\000a\000\347\000\343\000o\000\040\000e\000m\000\040\000P\000r\000o\000j\000e\000t\000o\000s\000\040\000d\000e\000\040\000T\000I}{section.8}% 16
\BOOKMARK [2][-]{subsection.8.3}{\376\377\000E\000s\000t\000r\000a\000t\000\351\000g\000i\000a\000s\000\040\000d\000e\000\040\000C\000o\000m\000u\000n\000i\000c\000a\000\347\000\343\000o\000\040\000c\000o\000m\000\040\000J\000i\000r\000a}{section.8}% 17
\BOOKMARK [2][-]{subsection.8.4}{\376\377\000E\000x\000e\000m\000p\000l\000o\000s\000\040\000V\000i\000s\000u\000a\000i\000s\000:\000\040\000K\000a\000n\000b\000a\000n\000\040\000e\000\040\000R\000e\000l\000a\000t\000\363\000r\000i\000o\000s\000\040\000n\000o\000\040\000J\000i\000r\000a}{section.8}% 18
\BOOKMARK [2][-]{subsection.8.5}{\376\377\000C\000o\000n\000s\000i\000d\000e\000r\000a\000\347\000\365\000e\000s\000\040\000F\000i\000n\000a\000i\000s\000\040\000s\000o\000b\000r\000e\000\040\000o\000\040\000J\000i\000r\000a}{section.8}% 19
\BOOKMARK [1][-]{section.9}{\376\377\000C\000o\000n\000c\000l\000u\000s\000\343\000o}{}% 20
