\BOOKMARK [1][-]{section.1}{\376\377\000I\000N\000T\000R\000O\000D\000U\000\307\000\303\000O}{}% 1
\BOOKMARK [1][-]{section.2}{\376\377\000A\000P\000R\000E\000S\000E\000N\000T\000A\000\307\000\303\000O\000\040\000D\000O\000\040\000P\000R\000O\000J\000E\000T\000O}{}% 2
\BOOKMARK [1][-]{section.3}{\376\377\000E\000S\000C\000O\000P\000O\000\040\000D\000O\000\040\000P\000R\000O\000J\000E\000T\000O}{}% 3
\BOOKMARK [1][-]{section.4}{\376\377\000I\000N\000F\000R\000A\000E\000S\000T\000R\000U\000T\000U\000R\000A}{}% 4
\BOOKMARK [2][-]{subsection.4.1}{\376\377\000E\000Q\000U\000I\000P\000A\000M\000E\000N\000T\000O\000S}{section.4}% 5
\BOOKMARK [2][-]{subsection.4.2}{\376\377\000S\000E\000R\000V\000I\000D\000O\000R}{section.4}% 6
\BOOKMARK [1][-]{section.5}{\376\377\000D\000E\000S\000C\000R\000I\000\307\000\303\000O\000\040\000G\000E\000R\000A\000L\000\040\000D\000O\000\040\000P\000R\000O\000D\000U\000T\000O}{}% 7
\BOOKMARK [1][-]{section.6}{\376\377\000F\000U\000N\000\307\000\325\000E\000S\000\040\000D\000O\000\040\000P\000R\000O\000D\000U\000T\000O}{}% 8
\BOOKMARK [1][-]{section.7}{\376\377\000I\000N\000T\000E\000R\000F\000A\000C\000E\000S\000\040\000D\000E\000\040\000U\000S\000U\000\301\000R\000I\000O}{}% 9
\BOOKMARK [1][-]{section.8}{\376\377\000I\000N\000T\000E\000R\000F\000A\000C\000E\000S\000\040\000D\000E\000\040\000H\000A\000R\000D\000W\000A\000R\000E}{}% 10
\BOOKMARK [1][-]{section.9}{\376\377\000I\000N\000T\000E\000R\000F\000A\000C\000E\000S\000\040\000D\000E\000\040\000S\000O\000F\000T\000W\000A\000R\000E}{}% 11
\BOOKMARK [1][-]{section.10}{\376\377\000I\000N\000T\000E\000R\000F\000A\000C\000E\000S\000\040\000D\000E\000\040\000C\000O\000M\000U\000N\000I\000C\000A\000\307\000\303\000O}{}% 12
\BOOKMARK [1][-]{section.11}{\376\377\000R\000E\000S\000T\000R\000I\000\307\000\325\000E\000S\000\040\000D\000E\000\040\000A\000M\000B\000I\000E\000N\000T\000E}{}% 13
\BOOKMARK [1][-]{section.12}{\376\377\000C\000R\000O\000N\000O\000G\000R\000A\000M\000A}{}% 14
\BOOKMARK [2][-]{subsection.12.1}{\376\377\000P\000l\000a\000n\000e\000j\000a\000m\000e\000n\000t\000o\000\040\000e\000\040\000A\000n\000\341\000l\000i\000s\000e}{section.12}% 15
\BOOKMARK [1][-]{section.13}{\376\377\000R\000E\000Q\000U\000I\000S\000I\000T\000O\000S}{}% 16
\BOOKMARK [1][-]{section.14}{\376\377\000C\000A\000S\000O\000\040\000D\000E\000\040\000U\000S\000O}{}% 17
\BOOKMARK [2][-]{subsection.14.1}{\376\377\000L\000i\000n\000g\000u\000a\000g\000e\000m\000\040\000d\000e\000\040\000p\000r\000o\000g\000r\000a\000m\000a\000\347\000\343\000o}{section.14}% 18
\BOOKMARK [2][-]{subsection.14.2}{\376\377\000B\000a\000n\000c\000o\000\040\000d\000e\000\040\000d\000a\000d\000o\000s}{section.14}% 19
\BOOKMARK [2][-]{subsection.14.3}{\376\377\000O\000u\000t\000r\000a\000s\000\040\000f\000e\000r\000r\000a\000m\000e\000n\000t\000a\000s\000\040\000d\000e\000\040\000d\000e\000s\000e\000n\000v\000o\000l\000v\000i\000m\000e\000n\000t\000o}{section.14}% 20
\BOOKMARK [1][-]{section.15}{\376\377\000R\000E\000Q\000U\000I\000S\000I\000T\000O\000S\000\040\000N\000\303\000O\000\040\000F\000U\000N\000C\000I\000O\000N\000A\000I\000S}{}% 21
\BOOKMARK [2][-]{subsection.15.1}{\376\377\000T\000e\000l\000a\000\040\000d\000e\000\040\000l\000o\000g\000i\000n\000.}{section.15}% 22
\BOOKMARK [2][-]{subsection.15.2}{\376\377\000C\000a\000d\000a\000s\000t\000r\000o\000\040\000d\000e\000\040\000u\000s\000u\000\341\000r\000i\000o\000s\000.}{section.15}% 23
\BOOKMARK [2][-]{subsection.15.3}{\376\377\000R\000e\000d\000e\000f\000i\000n\000i\000r\000\040\000s\000e\000n\000h\000a\000.}{section.15}% 24
\BOOKMARK [2][-]{subsection.15.4}{\376\377\000R\000e\000a\000d\000-\000m\000e\000\040\000p\000a\000g\000e\000.}{section.15}% 25
\BOOKMARK [1][-]{section.16}{\376\377\000C\000o\000n\000c\000l\000u\000s\000\343\000o}{}% 26
\BOOKMARK [1][-]{section.17}{\376\377\000M\000a\000t\000e\000r\000i\000a\000i\000s\000\040\000d\000e\000\040\000r\000e\000f\000e\000r\000\352\000n\000c\000i\000a}{}% 27
